┌──────┬─────┬──────────┐
│ NAME │ AGE │   CITY   │
├──────┼─────┼──────────┤
│ John │ 30  │ New York │
│ Jane │ 25  │ Boston   │
│ Bob  │ 35  │ Chicago  │
└──────┴─────┴──────────┘
