┌──────┬─────┐
│ NAME │ AGE │
├──────┼─────┤
│ John │ 30  │
└──────┴─────┘
