┌───────┬─────┐
│ NAME  │ AGE │
├───────┼─────┤
│ John  │ 30  │
├───────┼─────┤
│ Total │   1 │
└───────┴─────┘
